// Jest Snapshot v1, https://goo.gl/fbAQLP

exports[`renders correctly 1`] = `
ShallowWrapper {
  Symbol(enzyme.__root__): [Circular],
  Symbol(enzyme.__unrendered__): <App />,
  Symbol(enzyme.__renderer__): Object {
    "batchedUpdates": [Function],
    "checkPropTypes": [Function],
    "getNode": [Function],
    "render": [Function],
    "simulateError": [Function],
    "simulateEvent": [Function],
    "unmount": [Function],
  },
  Symbol(enzyme.__node__): Object {
    "instance": null,
    "key": undefined,
    "nodeType": "function",
    "props": Object {
      "children": Array [
        <div
          className="container"
        >
          <h2>
            CSSTricks Tests
          </h2>
          <div
            className="row"
          >
            <p>
              Loading...
            </p>
          </div>
        </div>,
        <footer>
          <div
            style={
              Object {
                "textAlign": "center",
              }
            }
          >
            React version: 
            16.7.0
          </div>
        </footer>,
      ],
    },
    "ref": null,
    "rendered": Array [
      Object {
        "instance": null,
        "key": undefined,
        "nodeType": "host",
        "props": Object {
          "children": Array [
            <h2>
              CSSTricks Tests
            </h2>,
            <div
              className="row"
            >
              <p>
                Loading...
              </p>
            </div>,
          ],
          "className": "container",
        },
        "ref": null,
        "rendered": Array [
          Object {
            "instance": null,
            "key": undefined,
            "nodeType": "host",
            "props": Object {
              "children": "CSSTricks Tests",
            },
            "ref": null,
            "rendered": "CSSTricks Tests",
            "type": "h2",
          },
          Object {
            "instance": null,
            "key": undefined,
            "nodeType": "host",
            "props": Object {
              "children": <p>
                Loading...
              </p>,
              "className": "row",
            },
            "ref": null,
            "rendered": Object {
              "instance": null,
              "key": undefined,
              "nodeType": "host",
              "props": Object {
                "children": "Loading...",
              },
              "ref": null,
              "rendered": "Loading...",
              "type": "p",
            },
            "type": "div",
          },
        ],
        "type": "div",
      },
      Object {
        "instance": null,
        "key": undefined,
        "nodeType": "host",
        "props": Object {
          "children": <div
            style={
              Object {
                "textAlign": "center",
              }
            }
          >
            React version: 
            16.7.0
          </div>,
        },
        "ref": null,
        "rendered": Object {
          "instance": null,
          "key": undefined,
          "nodeType": "host",
          "props": Object {
            "children": Array [
              "React version: ",
              "16.7.0",
            ],
            "style": Object {
              "textAlign": "center",
            },
          },
          "ref": null,
          "rendered": Array [
            "React version: ",
            "16.7.0",
          ],
          "type": "div",
        },
        "type": "footer",
      },
    ],
    "type": Symbol(react.fragment),
  },
  Symbol(enzyme.__nodes__): Array [
    Object {
      "instance": null,
      "key": undefined,
      "nodeType": "function",
      "props": Object {
        "children": Array [
          <div
            className="container"
          >
            <h2>
              CSSTricks Tests
            </h2>
            <div
              className="row"
            >
              <p>
                Loading...
              </p>
            </div>
          </div>,
          <footer>
            <div
              style={
                Object {
                  "textAlign": "center",
                }
              }
            >
              React version: 
              16.7.0
            </div>
          </footer>,
        ],
      },
      "ref": null,
      "rendered": Array [
        Object {
          "instance": null,
          "key": undefined,
          "nodeType": "host",
          "props": Object {
            "children": Array [
              <h2>
                CSSTricks Tests
              </h2>,
              <div
                className="row"
              >
                <p>
                  Loading...
                </p>
              </div>,
            ],
            "className": "container",
          },
          "ref": null,
          "rendered": Array [
            Object {
              "instance": null,
              "key": undefined,
              "nodeType": "host",
              "props": Object {
                "children": "CSSTricks Tests",
              },
              "ref": null,
              "rendered": "CSSTricks Tests",
              "type": "h2",
            },
            Object {
              "instance": null,
              "key": undefined,
              "nodeType": "host",
              "props": Object {
                "children": <p>
                  Loading...
                </p>,
                "className": "row",
              },
              "ref": null,
              "rendered": Object {
                "instance": null,
                "key": undefined,
                "nodeType": "host",
                "props": Object {
                  "children": "Loading...",
                },
                "ref": null,
                "rendered": "Loading...",
                "type": "p",
              },
              "type": "div",
            },
          ],
          "type": "div",
        },
        Object {
          "instance": null,
          "key": undefined,
          "nodeType": "host",
          "props": Object {
            "children": <div
              style={
                Object {
                  "textAlign": "center",
                }
              }
            >
              React version: 
              16.7.0
            </div>,
          },
          "ref": null,
          "rendered": Object {
            "instance": null,
            "key": undefined,
            "nodeType": "host",
            "props": Object {
              "children": Array [
                "React version: ",
                "16.7.0",
              ],
              "style": Object {
                "textAlign": "center",
              },
            },
            "ref": null,
            "rendered": Array [
              "React version: ",
              "16.7.0",
            ],
            "type": "div",
          },
          "type": "footer",
        },
      ],
      "type": Symbol(react.fragment),
    },
  ],
  Symbol(enzyme.__options__): Object {
    "adapter": ReactSixteenAdapter {
      "options": Object {
        "enableComponentDidUpdateOnSetState": true,
        "legacyContextMode": "parent",
        "lifecycles": Object {
          "componentDidUpdate": Object {
            "onSetState": true,
          },
          "getChildContext": Object {
            "calledByRenderer": false,
          },
          "getDerivedStateFromError": true,
          "getDerivedStateFromProps": Object {
            "hasShouldComponentUpdateBug": false,
          },
          "getSnapshotBeforeUpdate": true,
          "setState": Object {
            "skipsComponentDidUpdateOnNullish": true,
          },
        },
      },
    },
    Symbol(enzyme.__providerValues__): undefined,
  },
  Symbol(enzyme.__providerValues__): Map {},
  Symbol(enzyme.__childContext__): null,
}
`;
